[21:06:37] [main/INFO] (FabricLoader/GameProvider) Loading Minecraft 26.1.2 with Fabric Loader 0.19.2
[21:06:37] [main/INFO] (FabricLoader/Mappings) Mappings not present!
[21:06:37] [main/INFO] (FabricLoader) Loading 51 mods:
	- anti_anti_xray 1.0-SNAPSHOT
	- fabric-api 0.149.0+26.1.2
	- fabric-api-base 2.0.3+ece063234c
	- fabric-api-lookup-api-v1 2.0.11+d5a053b64c
	- fabric-biome-api-v1 18.0.4+35c80edc4c
	- fabric-block-api-v1 3.0.2+ec56b6014c
	- fabric-block-getter-api-v2 2.0.6+ec56b6014c
	- fabric-client-gametest-api-v1 5.0.16+cef2a4834c
	- fabric-command-api-v2 3.0.5+e2bdee784c
	- fabric-content-registries-v0 11.1.1+1a3b26974c
	- fabric-convention-tags-v2 4.6.0+e47fb87c4c
	- fabric-crash-report-info-v1 1.0.3+9f78a5a84c
	- fabric-creative-tab-api-v1 5.0.11+d871b99e4c
	- fabric-data-attachment-api-v1 2.2.6+d602a8964c
	- fabric-data-generation-api-v1 24.2.0+73b1f9054c
	- fabric-debug-api-v1 1.0.1+c792624d4c
	- fabric-dimensions-v1 5.1.5+9cbf5da54c
	- fabric-entity-events-v1 5.0.2+e2bdee784c
	- fabric-events-interaction-v0 5.2.1+a67251b84c
	- fabric-game-rule-api-v1 4.0.5+d871b99e4c
	- fabric-gametest-api-v1 4.0.15+00a1fba64c
	- fabric-item-api-v1 14.1.2+73d134684c
	- fabric-key-mapping-api-v1 2.0.4+e2bdee784c
	- fabric-lifecycle-events-v1 4.1.0+6d50a0854c
	- fabric-loot-api-v3 3.0.12+00a1fba64c
	- fabric-menu-api-v1 2.0.13+d871b99e4c
	- fabric-message-api-v1 7.0.5+dae8ce3e4c
	- fabric-model-loading-api-v1 8.0.6+c80601bb4c
	- fabric-networking-api-v1 6.3.1+554860db4c
	- fabric-object-builder-api-v1 23.0.16+b95dd56e4c
	- fabric-particles-v1 5.0.15+b61fef434c
	- fabric-permission-api-v1 1.0.0+f3e738be4c
	- fabric-recipe-api-v1 9.0.15+be4b75ae4c
	- fabric-registry-sync-v0 7.0.13+b61fef434c
	- fabric-renderer-api-v1 13.0.3+c80601bb4c
	- fabric-renderer-indigo 8.1.0+1403e82c4c
	- fabric-rendering-fluids-v1 6.0.1+d871b99e4c
	- fabric-rendering-v1 23.1.0+1403e82c4c
	- fabric-resource-conditions-api-v1 6.0.5+00a1fba64c
	- fabric-resource-loader-v0 3.3.17+4fc5413f4c
	- fabric-resource-loader-v1 2.0.10+7c44c7324c
	- fabric-screen-api-v1 5.0.1+d871b99e4c
	- fabric-serialization-api-v1 2.0.3+11a26f314c
	- fabric-sound-api-v1 2.0.4+11a26f314c
	- fabric-tag-api-v1 2.1.0+73b1f9054c
	- fabric-transfer-api-v1 8.0.5+357ea7334c
	- fabric-transitive-access-wideners-v1 8.1.0+acd9108d4c
	- fabricloader 0.19.2
	- java 25
	- minecraft 26.1.2
	- mixinextras 0.5.4
[21:06:37] [main/WARN] (FabricLoader/ModRemap) Runtime mod remapping disabled due to no fabric.remapClasspathFile being specified. You may need to update loom.
[21:06:38] [main/INFO] (FabricLoader/Mixin) SpongePowered MIXIN Subsystem Version=0.8.7 Source=file:/C:/Users/mazep/.gradle/caches/modules-2/files-2.1/net.fabricmc/sponge-mixin/0.17.2+mixin.0.8.7/edf98d1d98229e46e36c61774ae2b54dcd852981/sponge-mixin-0.17.2+mixin.0.8.7.jar Service=Knot/Fabric Env=CLIENT
[21:06:38] [main/INFO] (FabricLoader/Mixin) Compatibility level set to JAVA_25
[21:06:40] [main/INFO] (FabricLoader/MixinExtras|Service) Initializing MixinExtras via com.llamalad7.mixinextras.service.MixinExtrasServiceImpl(version=0.5.4).
[21:06:42] [Datafixer Bootstrap/INFO] (Minecraft) 291 Datafixer optimizations took 692 milliseconds
[21:06:50] [Render thread/INFO] (Minecraft) Environment: Environment[sessionHost=https://sessionserver.mojang.com, servicesHost=https://api.minecraftservices.com, profilesHost=https://api.mojang.com, name=PROD]
[21:06:50] [Render thread/INFO] (Minecraft) Setting user: Player568
[21:06:50] [Render thread/INFO] (Indigo) [Indigo] Registering Indigo renderer!
[21:06:51] [Render thread/INFO] (Minecraft) Backend library: LWJGL version 3.4.1-snapshot
[21:06:51] [Download-2/ERROR] (Minecraft) Failed to fetch user properties
com.mojang.authlib.exceptions.InvalidCredentialsException: Status: 401
	at knot//com.mojang.authlib.exceptions.MinecraftClientHttpException.toAuthenticationException(MinecraftClientHttpException.java:59)
	at knot//com.mojang.authlib.yggdrasil.YggdrasilUserApiService.fetchProperties(YggdrasilUserApiService.java:150)
	at knot//net.minecraft.client.Minecraft.lambda$new$1(Minecraft.java:459)
	at java.base/java.util.concurrent.CompletableFuture$AsyncSupply.run(CompletableFuture.java:1789)
	at java.base/java.util.concurrent.ThreadPoolExecutor.runWorker(ThreadPoolExecutor.java:1090)
	at java.base/java.util.concurrent.ThreadPoolExecutor$Worker.run(ThreadPoolExecutor.java:614)
	at java.base/java.lang.Thread.run(Thread.java:1474)
Caused by: com.mojang.authlib.exceptions.MinecraftClientHttpException: Status: 401
	at knot//com.mojang.authlib.minecraft.client.MinecraftClient.readInputStream(MinecraftClient.java:103)
	at knot//com.mojang.authlib.minecraft.client.MinecraftClient.get(MinecraftClient.java:56)
	at knot//com.mojang.authlib.yggdrasil.YggdrasilUserApiService.fetchProperties(YggdrasilUserApiService.java:121)
	... 5 more
[21:06:52] [Render thread/INFO] (Minecraft) Using optional rendering extensions: GL_ARB_buffer_storage, GL_KHR_debug, GL_ARB_vertex_attrib_binding, GL_ARB_direct_state_access, GL_EXT_texture_filter_anisotropic
[21:06:53] [Render thread/INFO] (Minecraft) Reloading ResourceManager: vanilla, anti_anti_xray, fabric-api, fabric-api-base, fabric-api-lookup-api-v1, fabric-biome-api-v1, fabric-block-api-v1, fabric-block-getter-api-v2, fabric-client-gametest-api-v1, fabric-command-api-v2, fabric-content-registries-v0, fabric-convention-tags-v2, fabric-crash-report-info-v1, fabric-creative-tab-api-v1, fabric-data-attachment-api-v1, fabric-data-generation-api-v1, fabric-debug-api-v1, fabric-dimensions-v1, fabric-entity-events-v1, fabric-events-interaction-v0, fabric-game-rule-api-v1, fabric-gametest-api-v1, fabric-item-api-v1, fabric-key-mapping-api-v1, fabric-lifecycle-events-v1, fabric-loot-api-v3, fabric-menu-api-v1, fabric-message-api-v1, fabric-model-loading-api-v1, fabric-networking-api-v1, fabric-object-builder-api-v1, fabric-particles-v1, fabric-permission-api-v1, fabric-recipe-api-v1, fabric-registry-sync-v0, fabric-renderer-api-v1, fabric-renderer-indigo, fabric-rendering-fluids-v1, fabric-rendering-v1, fabric-resource-conditions-api-v1, fabric-resource-loader-v0, fabric-resource-loader-v1, fabric-screen-api-v1, fabric-serialization-api-v1, fabric-sound-api-v1, fabric-tag-api-v1, fabric-transfer-api-v1, fabric-transitive-access-wideners-v1, fabricloader
[21:06:54] [Download-2/INFO] (Minecraft) Could not authorize you against Realms server: java.lang.RuntimeException: Failed to parse into SignedJWT: FabricMC
[21:06:54] [Download-2/ERROR] (Minecraft) Failed to fetch Realms feature flags
com.mojang.realmsclient.exception.RealmsServiceException: Realms authentication error with message 'java.lang.RuntimeException: Failed to parse into SignedJWT: FabricMC'
	at knot//com.mojang.realmsclient.client.RealmsClient.execute(RealmsClient.java:526)
	at knot//com.mojang.realmsclient.client.RealmsClient.fetchFeatureFlags(RealmsClient.java:186)
	at java.base/java.util.concurrent.CompletableFuture$AsyncSupply.run(CompletableFuture.java:1789)
	at java.base/java.util.concurrent.ThreadPoolExecutor.runWorker(ThreadPoolExecutor.java:1090)
	at java.base/java.util.concurrent.ThreadPoolExecutor$Worker.run(ThreadPoolExecutor.java:614)
	at java.base/java.lang.Thread.run(Thread.java:1474)
[21:06:54] [Worker-Main-7/INFO] (Minecraft) Found unifont_pua-17.0.01.hex, loading
[21:06:54] [Worker-Main-2/INFO] (Minecraft) Found unifont_all_no_pua-17.0.01.hex, loading
[21:06:54] [Worker-Main-3/INFO] (Minecraft) Found unifont_jp_patch-17.0.01.hex, loading
[21:06:56] [Render thread/INFO] (Minecraft) OpenAL initialized on device OpenAL Soft on Speakers (Senary Audio)
[21:06:56] [Render thread/INFO] (Minecraft) Sound engine started
[21:06:56] [Render thread/INFO] (Minecraft) Created: 512x256x0 minecraft:textures/atlas/particles.png-atlas
[21:06:56] [Render thread/INFO] (Minecraft) Created: 128x128x0 minecraft:textures/atlas/decorated_pot.png-atlas
[21:06:56] [Render thread/INFO] (Minecraft) Created: 2048x1024x0 minecraft:textures/atlas/armor_trims.png-atlas
[21:06:56] [Render thread/INFO] (Minecraft) Created: 512x256x0 minecraft:textures/atlas/paintings.png-atlas
[21:06:56] [Render thread/INFO] (Minecraft) Created: 1024x512x0 minecraft:textures/atlas/shield_patterns.png-atlas
[21:06:56] [Render thread/INFO] (Minecraft) Created: 2048x2048x4 minecraft:textures/atlas/blocks.png-atlas
[21:06:56] [Render thread/INFO] (Minecraft) Created: 512x512x0 minecraft:textures/atlas/chest.png-atlas
[21:06:56] [Render thread/INFO] (Minecraft) Created: 256x128x0 minecraft:textures/atlas/celestials.png-atlas
[21:06:56] [Render thread/INFO] (Minecraft) Created: 1024x512x0 minecraft:textures/atlas/banner_patterns.png-atlas
[21:06:56] [Render thread/INFO] (Minecraft) Created: 512x512x0 minecraft:textures/atlas/beds.png-atlas
[21:06:56] [Render thread/INFO] (Minecraft) Created: 1024x512x0 minecraft:textures/atlas/items.png-atlas
[21:06:57] [Render thread/INFO] (Minecraft) Created: 1024x1024x0 minecraft:textures/atlas/gui.png-atlas
[21:06:57] [Render thread/INFO] (Minecraft) Created: 128x64x0 minecraft:textures/atlas/map_decorations.png-atlas
[21:06:57] [Render thread/INFO] (Minecraft) Created: 512x256x0 minecraft:textures/atlas/signs.png-atlas
[21:06:57] [Render thread/INFO] (Minecraft) Created: 512x512x0 minecraft:textures/atlas/shulker_boxes.png-atlas
[21:06:57] [IO-Worker-1/INFO] (Minecraft) Could not authorize you against Realms server: java.lang.RuntimeException: Failed to parse into SignedJWT: FabricMC
[21:06:57] [IO-Worker-1/ERROR] (Minecraft) Couldn't connect to realms
com.mojang.realmsclient.exception.RealmsServiceException: Realms authentication error with message 'java.lang.RuntimeException: Failed to parse into SignedJWT: FabricMC'
	at knot//com.mojang.realmsclient.client.RealmsClient.execute(RealmsClient.java:526)
	at knot//com.mojang.realmsclient.client.RealmsClient.clientCompatible(RealmsClient.java:307)
	at knot//com.mojang.realmsclient.RealmsAvailability.lambda$check$0(RealmsAvailability.java:48)
	at java.base/java.util.concurrent.CompletableFuture$AsyncSupply.run(CompletableFuture.java:1789)
	at java.base/java.util.concurrent.ThreadPoolExecutor.runWorker(ThreadPoolExecutor.java:1090)
	at java.base/java.util.concurrent.ThreadPoolExecutor$Worker.run(ThreadPoolExecutor.java:614)
	at java.base/java.lang.Thread.run(Thread.java:1474)
[21:08:49] [Render thread/INFO] (Minecraft) Loaded 1515 recipes
[21:08:49] [Render thread/INFO] (Minecraft) Loaded 1617 advancements
[21:08:55] [Render thread/INFO] (BiomeModificationImpl) Applied 0 biome modifications to 0 of 160 new biomes in 1.576 ms
[21:08:55] [Server thread/INFO] (Minecraft) Starting integrated minecraft server version 26.1.2
[21:08:55] [Server thread/INFO] (Minecraft) Generating keypair
[21:08:57] [Server thread/INFO] (Minecraft) Loading 0 persistent chunks...
[21:08:57] [Server thread/INFO] (Minecraft) Preparing spawn area: 16%
[21:08:57] [Server thread/INFO] (Minecraft) Saving chunks for level 'ServerLevel[Terralith Test]'/minecraft:overworld
[21:08:57] [Server thread/INFO] (Minecraft) Saving chunks for level 'ServerLevel[Terralith Test]'/minecraft:the_end
[21:08:57] [Server thread/INFO] (Minecraft) Saving chunks for level 'ServerLevel[Terralith Test]'/minecraft:the_nether
[21:08:57] [Server thread/INFO] (Minecraft) ThreadedAnvilChunkStorage (world): All chunks are saved
[21:08:57] [Server thread/INFO] (Minecraft) ThreadedAnvilChunkStorage (DIM1): All chunks are saved
[21:08:57] [Server thread/INFO] (Minecraft) ThreadedAnvilChunkStorage (DIM-1): All chunks are saved
[21:08:57] [Server thread/INFO] (Minecraft) ThreadedAnvilChunkStorage: All dimensions are saved
[21:08:57] [Server thread/WARN] (TranslationConventionLogWarnings) 
	Dev warning - Untranslated Item Tags detected. Please translate your item tags so other mods such as recipe viewers can properly display your tag's name.
	The format desired is tag.item.<namespace>.<path> for the translation key with slashes in path turned into periods.
	To disable this message, set this system property in your runs: `-Dfabric-tag-conventions-v2.missingTagTranslationWarning=SILENCED`.
	To see individual untranslated item tags found, set the system property to `-Dfabric-tag-conventions-v2.missingTagTranslationWarning=VERBOSE`.
	Default is `SHORT`.

[21:08:58] [Server thread/INFO] (Minecraft) Loading 49 chunks for player spawn...
[21:08:58] [Server thread/INFO] (Minecraft) Preparing spawn area: 16%
[21:08:58] [Server thread/INFO] (Minecraft) Preparing spawn area: 18%
[21:08:58] [Server thread/INFO] (Minecraft) Preparing spawn area: 47%
[21:08:59] [Server thread/INFO] (Minecraft) Preparing spawn area: 47%
[21:08:59] [Server thread/INFO] (Minecraft) Preparing spawn area: 47%
[21:09:00] [Server thread/INFO] (Minecraft) Preparing spawn area: 47%
[21:09:00] [Server thread/INFO] (Minecraft) Preparing spawn area: 47%
[21:09:01] [Server thread/INFO] (Minecraft) Preparing spawn area: 47%
[21:09:01] [Server thread/INFO] (Minecraft) Preparing spawn area: 47%
[21:09:02] [Server thread/INFO] (Minecraft) Preparing spawn area: 47%
[21:09:02] [Server thread/INFO] (Minecraft) Preparing spawn area: 47%
[21:09:03] [Server thread/INFO] (Minecraft) Preparing spawn area: 47%
[21:09:03] [Server thread/INFO] (Minecraft) Preparing spawn area: 47%
[21:09:04] [Server thread/INFO] (Minecraft) Preparing spawn area: 57%
[21:09:04] [Server thread/INFO] (Minecraft) Preparing spawn area: 59%
[21:09:05] [Server thread/INFO] (Minecraft) Preparing spawn area: 59%
[21:09:05] [Server thread/INFO] (Minecraft) Preparing spawn area: 59%
[21:09:06] [Server thread/INFO] (Minecraft) Preparing spawn area: 59%
[21:09:06] [Server thread/INFO] (Minecraft) Preparing spawn area: 59%
[21:09:07] [Server thread/INFO] (Minecraft) Preparing spawn area: 59%
[21:09:07] [Server thread/INFO] (Minecraft) Preparing spawn area: 100%
[21:09:07] [Server thread/INFO] (Minecraft) Time elapsed: 10534 ms
[21:09:08] [Server thread/INFO] (Minecraft) Player568[local:E:d9ef282d] logged in with entity id 69 at (23.5, 119.0, -67.5)
[21:09:08] [Server thread/INFO] (Minecraft) Player568 joined the game
[21:09:08] [Render thread/INFO] (Minecraft) Loaded 2 advancements
[21:09:08] [Server thread/INFO] (Minecraft) Changing view distance to 16, from 10
[21:09:08] [Server thread/INFO] (Minecraft) Changing simulation distance to 12, from 0
[21:09:08] [Render thread/INFO] (Minecraft) Resizing Dynamic Transforms UBO, capacity limit of 2 reached during a single frame. New capacity will be 4.
[21:09:08] [Render thread/INFO] (Minecraft) Resizing Dynamic Transforms UBO, capacity limit of 4 reached during a single frame. New capacity will be 8.
[21:09:08] [Render thread/INFO] (Minecraft) Resizing Chunk Sections UBO, capacity limit of 2 reached during a single frame. New capacity will be 8.
[21:09:09] [Render thread/INFO] (Minecraft) Resizing Chunk Sections UBO, capacity limit of 8 reached during a single frame. New capacity will be 16.
[21:09:09] [Render thread/INFO] (Minecraft) Resizing Chunk Sections UBO, capacity limit of 16 reached during a single frame. New capacity will be 32.
[21:09:13] [Render thread/INFO] (Minecraft) [STDOUT]: SettingsScreen initialized!
[21:09:13] [Server thread/INFO] (Minecraft) Saving and pausing game...
[21:09:13] [Server thread/INFO] (Minecraft) Saving chunks for level 'ServerLevel[Terralith Test]'/minecraft:overworld
[21:09:13] [Server thread/INFO] (Minecraft) Saving chunks for level 'ServerLevel[Terralith Test]'/minecraft:the_end
[21:09:13] [Server thread/INFO] (Minecraft) Saving chunks for level 'ServerLevel[Terralith Test]'/minecraft:the_nether
[21:09:18] [Render thread/INFO] (Minecraft) [STDOUT]: X: 238.5 Y: 103.4318766066838
[21:09:18] [Render thread/INFO] (Minecraft) [STDOUT]: Button bounds: 110, 90, 310, 110
[21:09:18] [Render thread/INFO] (Minecraft) [STDOUT]: Manual button hit!
[21:09:22] [Thread-13/INFO] (Minecraft) [STDOUT]: Dialog result: C:\Users\mazep\Downloads\Terralith_26.1_v2.6.2.zip
[21:09:23] [Render thread/INFO] (Minecraft) [STDOUT]: X: 216.83333333333334 Y: 250.6426735218509
[21:09:23] [Render thread/INFO] (Minecraft) [STDOUT]: Button bounds: 110, 90, 310, 110
[21:09:23] [Render thread/INFO] (Minecraft) Resizing Chunk Sections UBO, capacity limit of 32 reached during a single frame. New capacity will be 64.
[21:09:23] [Render thread/INFO] (Minecraft) Resizing Chunk Sections UBO, capacity limit of 64 reached during a single frame. New capacity will be 128.
[21:09:23] [Render thread/INFO] (Minecraft) Resizing Chunk Sections UBO, capacity limit of 128 reached during a single frame. New capacity will be 256.
[21:09:24] [Server thread/INFO] (Minecraft) Saving and pausing game...
[21:09:24] [Server thread/INFO] (Minecraft) Saving chunks for level 'ServerLevel[Terralith Test]'/minecraft:overworld
[21:09:24] [Server thread/INFO] (Minecraft) Saving chunks for level 'ServerLevel[Terralith Test]'/minecraft:the_end
[21:09:24] [Server thread/INFO] (Minecraft) Saving chunks for level 'ServerLevel[Terralith Test]'/minecraft:the_nether
[21:26:28] [Server thread/INFO] (Minecraft) Stopping server
[21:26:28] [Server thread/INFO] (Minecraft) Saving players
[21:26:28] [Server thread/INFO] (Minecraft) Player568 lost connection: Disconnected
[21:26:28] [Server thread/INFO] (Minecraft) Player568 left the game
[21:26:28] [Server thread/INFO] (Minecraft) Stopping singleplayer server as player logged out
[21:26:28] [Server thread/INFO] (Minecraft) Saving worlds
[21:26:30] [Server thread/INFO] (Minecraft) Saving chunks for level 'ServerLevel[Terralith Test]'/minecraft:overworld
[21:26:35] [Server thread/INFO] (Minecraft) Saving chunks for level 'ServerLevel[Terralith Test]'/minecraft:the_end
[21:26:35] [Server thread/INFO] (Minecraft) Saving chunks for level 'ServerLevel[Terralith Test]'/minecraft:the_nether
[21:26:35] [Server thread/INFO] (Minecraft) ThreadedAnvilChunkStorage (world): All chunks are saved
[21:26:35] [Server thread/INFO] (Minecraft) ThreadedAnvilChunkStorage (DIM1): All chunks are saved
[21:26:35] [Server thread/INFO] (Minecraft) ThreadedAnvilChunkStorage (DIM-1): All chunks are saved
[21:26:35] [Server thread/INFO] (Minecraft) ThreadedAnvilChunkStorage: All dimensions are saved
[21:26:37] [Render thread/INFO] (Minecraft) Stopping!
